
Memory Configuration

Name             Origin             Length             Attributes
internal_flash   0x00000000         0x0003e000
internal_ram     0x40000000         0x00004000
*default*        0x00000000         0xffffffff

Linker script and memory map

LOAD zBUILDS/main.c.o
LOAD zBUILDS/crt0-undefined.s.o
LOAD zBUILDS/initialize-lpc2200-pll.c.o
LOAD zBUILDS/handler-for-IRQ.s.o
LOAD zBUILDS/handler-stub-for-DAbort.s.o
LOAD zBUILDS/handler-stub-for-FIRQ.s.o
LOAD zBUILDS/handler-stub-for-PAbort.s.o
LOAD zBUILDS/handler-stub-for-undef.s.o
LOAD zBUILDS/sorties_s0_s3.c.o
LOAD zBUILDS/afficheur_lcd.c.o
LOAD zBUILDS/assembleur.s.o
LOAD /usr/local/dev-arm/i386-Darwin-arm-gcc-4.6.1/arm-elf/lib/libc.a
LOAD /usr/local/dev-arm/i386-Darwin-arm-gcc-4.6.1/lib/gcc/arm-elf/4.6.1/libgcc.a
                0x00000100                FIQ_STACK_SIZE = 0x100
                0x00000100                IRQ_STACK_SIZE = 0x100
                0x00000100                ABT_STACK_SIZE = 0x100
                0x00000100                UND_STACK_SIZE = 0x100
                0x00000100                USR_STACK_SIZE = 0x100
                0x00000400                SVC_STACK_SIZE = 0x400

.text           0x00000000      0x794
 *(.vectors)
 .vectors       0x00000000       0x40 zBUILDS/crt0-undefined.s.o
                0x00000040                . = ALIGN (0x4)
 *(.init)
 .init          0x00000040       0xcc zBUILDS/crt0-undefined.s.o
                0x00000040                ResetHandler
                0x000000e4                ExitFunction
                0x0000010c                . = ALIGN (0x4)
 *(.text)
 .text          0x0000010c       0x10 zBUILDS/main.c.o
                0x0000010c                kernel_appel_swi_0
                0x00000114                kernel_appel_swi_1
 .text          0x0000011c        0x0 zBUILDS/crt0-undefined.s.o
 .text          0x0000011c       0x78 zBUILDS/initialize-lpc2200-pll.c.o
                0x0000011c                initialize_lpc2200_pll
 .text          0x00000194       0x28 zBUILDS/handler-for-IRQ.s.o
                0x00000194                IRQHandler
 .text          0x000001bc        0x4 zBUILDS/handler-stub-for-DAbort.s.o
                0x000001bc                DAbortHandler
 .text          0x000001c0        0x4 zBUILDS/handler-stub-for-FIRQ.s.o
                0x000001c0                FIQHandler
 .text          0x000001c4        0x4 zBUILDS/handler-stub-for-PAbort.s.o
                0x000001c4                PAbortHandler
 .text          0x000001c8        0x4 zBUILDS/handler-stub-for-undef.s.o
                0x000001c8                UndefHandler
 .text          0x000001cc       0x80 zBUILDS/sorties_s0_s3.c.o
                0x000001cc                initialiser_sorties_s0_s3
                0x000001ec                allumer_sorties_s0_s3
                0x0000021c                eteindre_sorties_s0_s3
 .text          0x0000024c      0x42c zBUILDS/afficheur_lcd.c.o
                0x0000024c                lcd_goto_line_column
                0x00000290                lcd_backlight
                0x000002b8                lcd_print_char
                0x000002dc                lcd_print_string
                0x00000310                lcd_init
                0x00000350                lcd_print_hex1
                0x000003a0                lcd_print_unsigned
                0x0000041c                lcd_print_unsigned_with_leading_spaces
                0x00000488                lcd_print_signed
                0x000004b8                lcd_print_signed_with_leading_spaces
                0x00000530                lcd_print_hex2
                0x0000054c                lcd_print_hex4
                0x0000056c                lcd_print_hex8
                0x0000058c                lcd_print_spaces
                0x000005bc                programmer_uart1
                0x00000614                recevoir_caractere_serie1
                0x00000634                attente_caractere_serie1
                0x00000654                envoyer_caractere_serie1
 .text          0x00000678       0x48 zBUILDS/assembleur.s.o
                0x00000678                get_sp
                0x00000680                get_mode
                0x00000688                appel_swi_0
                0x00000690                SWIHandler
                0x000006b4                appel_swi_1
                0x000006c0                . = ALIGN (0x4)
 *(.rodata)
                0x000006c0                . = ALIGN (0x4)
 *(.rodata*)
 .rodata.str1.4
                0x000006c0       0x10 zBUILDS/main.c.o
                0x000006d0                . = ALIGN (0x4)
 *(.glue_7t)
 .glue_7t       0x00000000        0x0 linker stubs
                0x000006d0                . = ALIGN (0x4)
 *(.glue_7)
 .glue_7        0x00000000        0x0 linker stubs
                0x000006d0                . = ALIGN (0x4)
 *(.comment)
 .comment       0x000006d0       0x11 zBUILDS/main.c.o
                                 0x12 (size before relaxing)
 .comment       0x00000000       0x12 zBUILDS/initialize-lpc2200-pll.c.o
 .comment       0x00000000       0x12 zBUILDS/sorties_s0_s3.c.o
 .comment       0x00000000       0x12 zBUILDS/afficheur_lcd.c.o
                0x000006e4                . = ALIGN (0x4)
 *fill*         0x000006e1        0x3 00
 *(.ARM.*)
 .ARM.attributes
                0x000006e4       0x10 zBUILDS/main.c.o
 .ARM.attributes
                0x000006f4       0x10 zBUILDS/crt0-undefined.s.o
 .ARM.attributes
                0x00000704       0x10 zBUILDS/initialize-lpc2200-pll.c.o
 .ARM.attributes
                0x00000714       0x10 zBUILDS/handler-for-IRQ.s.o
 .ARM.attributes
                0x00000724       0x10 zBUILDS/handler-stub-for-DAbort.s.o
 .ARM.attributes
                0x00000734       0x10 zBUILDS/handler-stub-for-FIRQ.s.o
 .ARM.attributes
                0x00000744       0x10 zBUILDS/handler-stub-for-PAbort.s.o
 .ARM.attributes
                0x00000754       0x10 zBUILDS/handler-stub-for-undef.s.o
 .ARM.attributes
                0x00000764       0x10 zBUILDS/sorties_s0_s3.c.o
 .ARM.attributes
                0x00000774       0x10 zBUILDS/afficheur_lcd.c.o
 .ARM.attributes
                0x00000784       0x10 zBUILDS/assembleur.s.o
                0x00000794                . = ALIGN (0x4)
                0x00000794                etext = .

.vfp11_veneer   0x00000794        0x0
 .vfp11_veneer  0x00000000        0x0 linker stubs

.v4_bx          0x00000794        0x0
 .v4_bx         0x00000000        0x0 linker stubs

.text.startup   0x00000794       0xc4
 .text.startup  0x00000794       0xc4 zBUILDS/main.c.o
                0x00000794                main

.data           0x40000000        0x0
                0x40000000                PROVIDE (__data_start, .)
 *(.data)
 .data          0x40000000        0x0 zBUILDS/main.c.o
 .data          0x40000000        0x0 zBUILDS/crt0-undefined.s.o
 .data          0x40000000        0x0 zBUILDS/initialize-lpc2200-pll.c.o
 .data          0x40000000        0x0 zBUILDS/handler-for-IRQ.s.o
 .data          0x40000000        0x0 zBUILDS/handler-stub-for-DAbort.s.o
 .data          0x40000000        0x0 zBUILDS/handler-stub-for-FIRQ.s.o
 .data          0x40000000        0x0 zBUILDS/handler-stub-for-PAbort.s.o
 .data          0x40000000        0x0 zBUILDS/handler-stub-for-undef.s.o
 .data          0x40000000        0x0 zBUILDS/sorties_s0_s3.c.o
 .data          0x40000000        0x0 zBUILDS/afficheur_lcd.c.o
 .data          0x40000000        0x0 zBUILDS/assembleur.s.o
                0x40000000                . = ALIGN (0x4)
                0x40000000                edata = .
                0x40000000                _edata = .
                0x40000000                PROVIDE (__data_end, .)

.bss            0x40000000      0x900
                0x40000000                PROVIDE (__bss_start, .)
 *(.bss)
 .bss           0x40000000        0x0 zBUILDS/main.c.o
 .bss           0x40000000        0x0 zBUILDS/crt0-undefined.s.o
 .bss           0x40000000        0x0 zBUILDS/initialize-lpc2200-pll.c.o
 .bss           0x40000000        0x0 zBUILDS/handler-for-IRQ.s.o
 .bss           0x40000000        0x0 zBUILDS/handler-stub-for-DAbort.s.o
 .bss           0x40000000        0x0 zBUILDS/handler-stub-for-FIRQ.s.o
 .bss           0x40000000        0x0 zBUILDS/handler-stub-for-PAbort.s.o
 .bss           0x40000000        0x0 zBUILDS/handler-stub-for-undef.s.o
 .bss           0x40000000        0x0 zBUILDS/sorties_s0_s3.c.o
 .bss           0x40000000        0x0 zBUILDS/afficheur_lcd.c.o
 .bss           0x40000000        0x0 zBUILDS/assembleur.s.o
 *(COMMON)
                0x40000000                . = ALIGN (0x4)
                0x40000000                PROVIDE (__bss_end, .)
                0x40000000                . = ALIGN (0x100)
                0x40000000                PROVIDE (__stack_start, .)
                0x40000000                PROVIDE (__stack_fiq_start, .)
                0x40000100                . = (. + FIQ_STACK_SIZE)
 *fill*         0x40000000      0x100 00
                0x40000100                . = ALIGN (0x4)
                0x40000100                PROVIDE (__stack_fiq_end, .)
                0x40000100                PROVIDE (__stack_irq_start, .)
                0x40000200                . = (. + IRQ_STACK_SIZE)
 *fill*         0x40000100      0x100 00
                0x40000200                . = ALIGN (0x4)
                0x40000200                PROVIDE (__stack_irq_end, .)
                0x40000200                PROVIDE (__stack_abt_start, .)
                0x40000300                . = (. + ABT_STACK_SIZE)
 *fill*         0x40000200      0x100 00
                0x40000300                . = ALIGN (0x4)
                0x40000300                PROVIDE (__stack_abt_end, .)
                0x40000300                PROVIDE (__stack_und_start, .)
                0x40000400                . = (. + UND_STACK_SIZE)
 *fill*         0x40000300      0x100 00
                0x40000400                . = ALIGN (0x4)
                0x40000400                PROVIDE (__stack_und_end, .)
                0x40000400                PROVIDE (__stack_svc_start, .)
                0x40000800                . = (. + SVC_STACK_SIZE)
 *fill*         0x40000400      0x400 00
                0x40000800                . = ALIGN (0x4)
                0x40000800                PROVIDE (__stack_svc_end, .)
                0x40000800                PROVIDE (__stack_usr_start, .)
                0x40000900                . = (. + USR_STACK_SIZE)
 *fill*         0x40000800      0x100 00
                0x40000900                . = ALIGN (0x4)
                0x40000900                PROVIDE (__stack_usr_end, .)
                0x40000900                PROVIDE (__stack_end, .)
                0x40000900                PROVIDE (__heap_start, .)
OUTPUT(zPRODUCTS/test-internal-flash.elf elf32-littlearm)

Cross Reference Table

Symbol                                            File
DAbortHandler                                     zBUILDS/handler-stub-for-DAbort.s.o
                                                  zBUILDS/crt0-undefined.s.o
ExitFunction                                      zBUILDS/crt0-undefined.s.o
FIQHandler                                        zBUILDS/handler-stub-for-FIRQ.s.o
                                                  zBUILDS/crt0-undefined.s.o
IRQHandler                                        zBUILDS/handler-for-IRQ.s.o
                                                  zBUILDS/crt0-undefined.s.o
PAbortHandler                                     zBUILDS/handler-stub-for-PAbort.s.o
                                                  zBUILDS/crt0-undefined.s.o
ResetHandler                                      zBUILDS/crt0-undefined.s.o
SWIHandler                                        zBUILDS/assembleur.s.o
                                                  zBUILDS/crt0-undefined.s.o
UndefHandler                                      zBUILDS/handler-stub-for-undef.s.o
                                                  zBUILDS/crt0-undefined.s.o
__bss_end                                         zBUILDS/crt0-undefined.s.o
__bss_start                                       zBUILDS/crt0-undefined.s.o
__stack_abt_end                                   zBUILDS/crt0-undefined.s.o
__stack_fiq_end                                   zBUILDS/crt0-undefined.s.o
__stack_irq_end                                   zBUILDS/crt0-undefined.s.o
__stack_svc_end                                   zBUILDS/crt0-undefined.s.o
__stack_und_end                                   zBUILDS/crt0-undefined.s.o
allumer_sorties_s0_s3                             zBUILDS/sorties_s0_s3.c.o
appel_swi_0                                       zBUILDS/assembleur.s.o
                                                  zBUILDS/main.c.o
appel_swi_1                                       zBUILDS/assembleur.s.o
                                                  zBUILDS/main.c.o
attente_caractere_serie1                          zBUILDS/afficheur_lcd.c.o
envoyer_caractere_serie1                          zBUILDS/afficheur_lcd.c.o
eteindre_sorties_s0_s3                            zBUILDS/sorties_s0_s3.c.o
get_mode                                          zBUILDS/assembleur.s.o
                                                  zBUILDS/main.c.o
get_sp                                            zBUILDS/assembleur.s.o
                                                  zBUILDS/main.c.o
initialiser_sorties_s0_s3                         zBUILDS/sorties_s0_s3.c.o
                                                  zBUILDS/main.c.o
initialize_lpc2200_pll                            zBUILDS/initialize-lpc2200-pll.c.o
                                                  zBUILDS/crt0-undefined.s.o
kernel_appel_swi_0                                zBUILDS/main.c.o
                                                  zBUILDS/assembleur.s.o
kernel_appel_swi_1                                zBUILDS/main.c.o
                                                  zBUILDS/assembleur.s.o
lcd_backlight                                     zBUILDS/afficheur_lcd.c.o
lcd_goto_line_column                              zBUILDS/afficheur_lcd.c.o
                                                  zBUILDS/main.c.o
lcd_init                                          zBUILDS/afficheur_lcd.c.o
                                                  zBUILDS/main.c.o
lcd_print_char                                    zBUILDS/afficheur_lcd.c.o
lcd_print_hex1                                    zBUILDS/afficheur_lcd.c.o
lcd_print_hex2                                    zBUILDS/afficheur_lcd.c.o
lcd_print_hex4                                    zBUILDS/afficheur_lcd.c.o
lcd_print_hex8                                    zBUILDS/afficheur_lcd.c.o
                                                  zBUILDS/main.c.o
lcd_print_signed                                  zBUILDS/afficheur_lcd.c.o
lcd_print_signed_with_leading_spaces              zBUILDS/afficheur_lcd.c.o
lcd_print_spaces                                  zBUILDS/afficheur_lcd.c.o
lcd_print_string                                  zBUILDS/afficheur_lcd.c.o
                                                  zBUILDS/main.c.o
lcd_print_unsigned                                zBUILDS/afficheur_lcd.c.o
                                                  zBUILDS/main.c.o
lcd_print_unsigned_with_leading_spaces            zBUILDS/afficheur_lcd.c.o
main                                              zBUILDS/main.c.o
                                                  zBUILDS/crt0-undefined.s.o
programmer_uart1                                  zBUILDS/afficheur_lcd.c.o
                                                  zBUILDS/main.c.o
recevoir_caractere_serie1                         zBUILDS/afficheur_lcd.c.o
